// Jest Snapshot v1, https://goo.gl/fbAQLP

exports[`when the response is from \`/product-type/:id\` should normalize response 1`] = `
Object {
  "entities": Object {
    "productDiscounts": Object {
      "00801b20-b114-4ef5-9382-5082f1be834f": Object {
        "attributeTypes": Object {},
        "createdAt": "2017-01-12T10:41:06.441Z",
        "description": Object {
          "en": "<p>1 Euro Discount on chicken!</p>",
        },
        "id": "00801b20-b114-4ef5-9382-5082f1be834f",
        "isActive": false,
        "lastModifiedAt": "2017-02-28T10:48:17.503Z",
        "name": Object {
          "en": "1 Euro Discount",
        },
        "predicate": "product.id = \\"6490b586-6576-4429-b75f-95f0c3b1ab2f\\" and variant.id = 1",
        "references": Array [
          Object {
            "id": "6490b586-6576-4429-b75f-95f0c3b1ab2f",
            "typeId": "product",
          },
        ],
        "sortOrder": "0.8",
        "value": Object {
          "money": Array [
            Object {
              "centAmount": 112,
              "currencyCode": "EUR",
            },
          ],
          "type": "absolute",
        },
        "version": 8,
      },
    },
  },
  "result": "00801b20-b114-4ef5-9382-5082f1be834f",
}
`;
